Microchip MPLAB XC8 Compiler V2.36

Linker command line:

-W-3 --edf=C:\Program Files\Microchip\xc8\v2.36\pic\dat\en_msgs.txt -cn \
  -h+dist/default/production\mirs_1938_ADcheck.X.production.sym \
  --cmf=dist/default/production\mirs_1938_ADcheck.X.production.cmf -z \
  -Q16F1938 -oC:\Users\STK55\AppData\Local\Temp\xcAsk5s.4 \
  --defsym=__MPLAB_BUILD=1 \
  -Mdist/default/production/mirs_1938_ADcheck.X.production.map \
  --md=C:\Users\STK55\AppData\Local\Temp\xcAsk5s.dat -E1 -ver=XC8 Compiler \
  --acfsm=1493 -ACODE=00h-07FFhx8 -ASTRCODE=00h-03FFFh -ASTRING=00h-0FFhx64 \
  -ACONST=00h-0FFhx64 -AENTRY=00h-0FFhx64 -ACOMMON=070h-07Fh \
  -ABANK0=020h-06Fh -ABANK1=0A0h-0EFh -ABANK2=0120h-016Fh \
  -ABANK3=01A0h-01EFh -ABANK4=0220h-026Fh -ABANK5=02A0h-02EFh \
  -ABANK6=0320h-036Fh -ABANK7=03A0h-03EFh -ABANK8=0420h-046Fh \
  -ABANK9=04A0h-04EFh -ABANK10=0520h-056Fh -ABANK11=05A0h-05EFh \
  -ABANK12=0620h-064Fh -ABIGRAM=02000h-023EFh \
  -ARAM=020h-06Fh,0A0h-0EFh,0120h-016Fh,01A0h-01EFh,0220h-026Fh,02A0h-02EFh,0320h-036Fh,03A0h-03EFh,0420h-046Fh,04A0h-04EFh,0520h-056Fh,05A0h-05EFh,0620h-064Fh \
  -AABS1=020h-07Fh,0A0h-0EFh,0120h-016Fh,01A0h-01EFh,0220h-026Fh,02A0h-02EFh,0320h-036Fh,03A0h-03EFh,0420h-046Fh,04A0h-04EFh,0520h-056Fh,05A0h-05EFh,0620h-064Fh \
  -ASFR0=00h-01Fh -ASFR1=080h-09Fh -ASFR2=0100h-011Fh -ASFR3=0180h-019Fh \
  -ASFR4=0200h-021Fh -ASFR5=0280h-029Fh -ASFR6=0300h-031Fh \
  -ASFR7=0380h-039Fh -ASFR8=0400h-041Fh -ASFR9=0480h-049Fh \
  -ASFR10=0500h-051Fh -ASFR11=0580h-059Fh -ASFR12=0600h-061Fh \
  -ASFR13=0680h-06EFh -ASFR14=0700h-076Fh -ASFR15=0780h-07EFh \
  -ASFR16=0800h-086Fh -ASFR17=0880h-08EFh -ASFR18=0900h-096Fh \
  -ASFR19=0980h-09EFh -ASFR20=0A00h-0A6Fh -ASFR21=0A80h-0AEFh \
  -ASFR22=0B00h-0B6Fh -ASFR23=0B80h-0BEFh -ASFR24=0C00h-0C6Fh \
  -ASFR25=0C80h-0CEFh -ASFR26=0D00h-0D6Fh -ASFR27=0D80h-0DEFh \
  -ASFR28=0E00h-0E6Fh -ASFR29=0E80h-0EEFh -ASFR30=0F00h-0F6Fh \
  -ASFR31=0F80h-0FEFh -ACONFIG=08007h-08008h -DCONFIG=2 \
  -AIDLOC=08000h-08003h -DIDLOC=2 -AEEDATA=00h-0FFh/0F000h \
  -peeprom_data=EEDATA -DEEDATA=2 -DCODE=2 -DSTRCODE=2 -DSTRING=2 -DCONST=2 \
  -DENTRY=2 -preset_vec=00h,intentry,init,end_init -ppowerup=CODE \
  -pcinit=CODE -pfunctab=ENTRY -k \
  C:\Users\STK55\AppData\Local\Temp\xcAsk5s.o \
  dist/default/production\mirs_1938_ADcheck.X.production.o 

Object code version is 3.11

Machine type is 16F1938



                Name                               Link     Load   Length Selector   Space Scale
C:\Users\STK55\AppData\Local\Temp\xcAsk5s.o
                end_init                              2        2        2        0       0
                reset_vec                             0        0        2        0       0
                config                             8007     8007        2        0       4
dist/default/production\mirs_1938_ADcheck.X.production.o
                cinit                               7ED      7ED       13      FDA       0
                config                             8007     8007        2        0       4
                text15                                B        B       1B       16       0
                text14                              F8B      F8B        8     1F16       0
                text13                                4        4        7        0       0
                text12                              FA0      FA0       1A     1F40       0
                text11                              F81      F81        4     1F02       0
                text10                              F93      F93        D     1F26       0
                text9                                26       26       39       4C       0
                text8                               FBA      FBA       23     1F74       0
                text7                               150      150       90      2A0       0
                text6                                D4       D4       7C      1A8       0
                text5                               3E2      3E2      1B4      7C4       0
                text4                               FDD      FDD       23     1FBA       0
                text3                               596      596      257      B2C       0
                text2                                5F       5F       75       BE       0
                text1                               1E0      1E0       AC      3C0       0
                maintext                            28C      28C      156      518       0
                cstackBANK0                          20       20       39       20       1
                cstackCOMMON                         70       70        E       70       1
                clrtext                             F85      F85        6     1F0A       0
                dataBANK0                            69       69        2       20       1
                bssBANK0                             59       59       10       20       1
                stringtext2                        100A     100A        4     2000       0
                stringtext1                        1000     1000        A     2000       0
                idataBANK0                          F7F      F7F        2     1EFE       0

TOTAL           Name                               Link     Load   Length     Space
        CLASS   CODE           
                end_init                              2        2        2         0
                cinit                               7ED      7ED       13         0
                reset_vec                             0        0        2         0
                text15                                B        B       1B         0
                text14                              F8B      F8B        8         0
                text13                                4        4        7         0
                text12                              FA0      FA0       1A         0
                text11                              F81      F81        4         0
                text10                              F93      F93        D         0
                text9                                26       26       39         0
                text8                               FBA      FBA       23         0
                text7                               150      150       90         0
                text6                                D4       D4       7C         0
                text5                               3E2      3E2      1B4         0
                text4                               FDD      FDD       23         0
                text3                               596      596      257         0
                text2                                5F       5F       75         0
                text1                               1E0      1E0       AC         0
                maintext                            28C      28C      156         0
                clrtext                             F85      F85        6         0
                idataBANK0                          F7F      F7F        2         0

        CLASS   STRCODE        
                stringtext2                        100A     100A        4         0
                stringtext1                        1000     1000        A         0

        CLASS   STRING         

        CLASS   CONST          

        CLASS   ENTRY          

        CLASS   COMMON         
                cstackCOMMON                         70       70        E         1

        CLASS   BANK0          
                cstackBANK0                          20       20       39         1
                dataBANK0                            69       69        2         1
                bssBANK0                             59       59       10         1

        CLASS   BANK1          

        CLASS   BANK2          

        CLASS   BANK3          

        CLASS   BANK4          

        CLASS   BANK5          

        CLASS   BANK6          

        CLASS   BANK7          

        CLASS   BANK8          

        CLASS   BANK9          

        CLASS   BANK10         

        CLASS   BANK11         

        CLASS   BANK12         

        CLASS   BIGRAM         

        CLASS   RAM            

        CLASS   ABS1           
                abs_s1                               7E       7E        2         1

        CLASS   SFR0           

        CLASS   SFR1           

        CLASS   SFR2           

        CLASS   SFR3           

        CLASS   SFR4           

        CLASS   SFR5           

        CLASS   SFR6           

        CLASS   SFR7           

        CLASS   SFR8           

        CLASS   SFR9           

        CLASS   SFR10          

        CLASS   SFR11          

        CLASS   SFR12          

        CLASS   SFR13          

        CLASS   SFR14          

        CLASS   SFR15          

        CLASS   SFR16          

        CLASS   SFR17          

        CLASS   SFR18          

        CLASS   SFR19          

        CLASS   SFR20          

        CLASS   SFR21          

        CLASS   SFR22          

        CLASS   SFR23          

        CLASS   SFR24          

        CLASS   SFR25          

        CLASS   SFR26          

        CLASS   SFR27          

        CLASS   SFR28          

        CLASS   SFR29          

        CLASS   SFR30          

        CLASS   SFR31          

        CLASS   CONFIG         
                config                             8007     8007        2         4

        CLASS   IDLOC          

        CLASS   EEDATA         

        CLASS   BANK31         

        CLASS   BANK30         

        CLASS   BANK29         

        CLASS   BANK28         

        CLASS   BANK27         

        CLASS   BANK26         

        CLASS   BANK25         

        CLASS   BANK24         

        CLASS   BANK23         

        CLASS   BANK22         

        CLASS   BANK21         

        CLASS   BANK20         

        CLASS   BANK19         

        CLASS   BANK18         

        CLASS   BANK17         

        CLASS   BANK16         

        CLASS   BANK15         

        CLASS   BANK14         

        CLASS   BANK13         

        CLASS   HEAP           

        CLASS   STACK          



SEGMENTS        Name                           Load    Length   Top    Selector   Space  Class     Delta

                reset_vec                      000000  00000B  00000B         0       0  CODE        2
                text15                         00000B  00001B  000026        16       0  CODE        2
                cstackBANK0                    000020  00004B  00006B        20       1  BANK0       1
                text9                          000026  000039  00005F        4C       0  CODE        2
                cstackCOMMON                   000070  00000E  00007E        70       1  COMMON      1
                text2                          00005F  000075  0000D4        BE       0  CODE        2
                text6                          0000D4  00007C  000150       1A8       0  CODE        2
                text7                          000150  000090  0001E0       2A0       0  CODE        2
                text1                          0001E0  0000AC  00028C       3C0       0  CODE        2
                maintext                       00028C  000156  0003E2       518       0  CODE        2
                text5                          0003E2  0001B4  000596       7C4       0  CODE        2
                text3                          000596  000257  0007ED       B2C       0  CODE        2
                cinit                          0007ED  000013  000800       FDA       0  CODE        2
                idataBANK0                     000F7F  000002  000F81      1EFE       0  CODE        2
                text11                         000F81  000004  000F85      1F02       0  CODE        2
                clrtext                        000F85  000006  000F8B      1F0A       0  CODE        2
                text14                         000F8B  000008  000F93      1F16       0  CODE        2
                text10                         000F93  00000D  000FA0      1F26       0  CODE        2
                text12                         000FA0  00001A  000FBA      1F40       0  CODE        2
                text8                          000FBA  000023  000FDD      1F74       0  CODE        2
                text4                          000FDD  000023  001000      1FBA       0  CODE        2
                stringtext1                    001000  00000E  00100E      2000       0  STRCODE     2


UNUSED ADDRESS RANGES

        Name                Unused          Largest block    Delta
        BANK0            0006B-0006F               5           1
        BANK1            000A0-000EF              50           1
        BANK10           00520-0056F              50           1
        BANK11           005A0-005EF              50           1
        BANK12           00620-0064F              30           1
        BANK2            00120-0016F              50           1
        BANK3            001A0-001EF              50           1
        BANK4            00220-0026F              50           1
        BANK5            002A0-002EF              50           1
        BANK6            00320-0036F              50           1
        BANK7            003A0-003EF              50           1
        BANK8            00420-0046F              50           1
        BANK9            004A0-004EF              50           1
        BIGRAM           02000-023EF             3F0           1
        CODE             00800-00F7E             77F           2
                         0100E-03FFF             800
        CONST            00800-00F7E             100           2
                         0100E-03FFF             100
        EEDATA           0F000-0F0FF             100           2
        ENTRY            00800-00F7E             100           2
                         0100E-03FFF             100
        IDLOC            08000-08003               4           2
        RAM              0006B-0006F               5           1
                         000A0-000EF              50
                         00120-0016F              50
                         001A0-001EF              50
                         00220-0026F              50
                         002A0-002EF              50
                         00320-0036F              50
                         003A0-003EF              50
                         00420-0046F              50
                         004A0-004EF              50
                         00520-0056F              50
                         005A0-005EF              50
                         00620-0064F              30
        SFR0             00000-0001F              20           1
        SFR1             00080-0009F              20           1
        SFR10            00500-0051F              20           1
        SFR11            00580-0059F              20           1
        SFR12            00600-0061F              20           1
        SFR13            00680-006EF              70           1
        SFR14            00700-0076F              70           1
        SFR15            00780-007EF              70           1
        SFR16            00800-0086F              70           1
        SFR17            00880-008EF              70           1
        SFR18            00900-0096F              70           1
        SFR19            00980-009EF              70           1
        SFR2             00100-0011F              20           1
        SFR20            00A00-00A6F              70           1
        SFR21            00A80-00AEF              70           1
        SFR22            00B00-00B6F              70           1
        SFR23            00B80-00BEF              70           1
        SFR24            00C00-00C6F              70           1
        SFR25            00C80-00CEF              70           1
        SFR26            00D00-00D6F              70           1
        SFR27            00D80-00DEF              70           1
        SFR28            00E00-00E6F              70           1
        SFR29            00E80-00EEF              70           1
        SFR3             00180-0019F              20           1
        SFR30            00F00-00F6F              70           1
        SFR31            00F80-00FEF              70           1
        SFR4             00200-0021F              20           1
        SFR5             00280-0029F              20           1
        SFR6             00300-0031F              20           1
        SFR7             00380-0039F              20           1
        SFR8             00400-0041F              20           1
        SFR9             00480-0049F              20           1
        STRCODE          00800-00F7E             77F           2
                         0100E-03FFF            2FF2
        STRING           00800-00F7E             100           2
                         0100E-03FFF             100

                                  Symbol Table

?_ADC_GetConversion             cstackCOMMON 00070
?__Umul8_16                     cstackCOMMON 00070
?___aldiv                       cstackCOMMON 00070
?___almod                       cstackBANK0  00026
?___fldiv                       cstackBANK0  0003A
?___flmul                       cstackBANK0  00020
?___fltol                       cstackBANK0  0003A
?___xxtofl                      cstackCOMMON 00070
ADC_GetConversion@channel       cstackCOMMON 00073
Segments_Init@i                 cstackCOMMON 00071
Segments_Init@z                 cstackCOMMON 00073
Segments_Set@fnc_digit          cstackBANK0  00030
Segments_Set@fnc_number         cstackBANK0  0002E
_ADCON0                         (abs)        0009D
_ADCON0bits                     (abs)        0009D
_ADCON1                         (abs)        0009E
_ADC_GetConversion              text15       0000B
_ADC_Initialize                 text14       00F8B
_ADC_result                     bssBANK0     0005D
_ADRESH                         (abs)        0009C
_ADRESL                         (abs)        0009B
_AD_CNT                         dataBANK0    00069
_ANSELA                         (abs)        0018C
_ANSELB                         (abs)        0018D
_APFCON                         (abs)        0011D
_BORCON                         (abs)        00116
_LATA                           (abs)        0010C
_LATB                           (abs)        0010D
_LATC                           (abs)        0010E
_LATCbits                       (abs)        0010E
_LATE                           (abs)        00110
_OPTION_REGbits                 (abs)        00095
_OSCCON                         (abs)        00099
_OSCILLATOR_Initialize          text13       00004
_OSCTUNE                        (abs)        00098
_PIN_MANAGER_Initialize         text12       00FA0
_PORTB                          (abs)        0000D
_PORTC                          (abs)        0000E
_SYSTEM_Initialize              text10       00F93
_Segments_Init                  text9        00026
_Segments_Set                   text8        00FBA
_TRISA                          (abs)        0008C
_TRISB                          (abs)        0008D
_TRISC                          (abs)        0008E
_TRISE                          (abs)        00090
_Voltage                        bssBANK0     00059
_WDTCON                         (abs)        00097
_WDT_Initialize                 text11       00F81
_WPUB                           (abs)        0020D
_WPUE                           (abs)        00210
__Habs1                         abs1         00000
__Hbank0                        bank0        00000
__Hbank1                        bank1        00000
__Hbank10                       bank10       00000
__Hbank11                       bank11       00000
__Hbank12                       bank12       00000
__Hbank13                       bank13       00000
__Hbank14                       bank14       00000
__Hbank15                       bank15       00000
__Hbank16                       bank16       00000
__Hbank17                       bank17       00000
__Hbank18                       bank18       00000
__Hbank19                       bank19       00000
__Hbank2                        bank2        00000
__Hbank20                       bank20       00000
__Hbank21                       bank21       00000
__Hbank22                       bank22       00000
__Hbank23                       bank23       00000
__Hbank24                       bank24       00000
__Hbank25                       bank25       00000
__Hbank26                       bank26       00000
__Hbank27                       bank27       00000
__Hbank28                       bank28       00000
__Hbank29                       bank29       00000
__Hbank3                        bank3        00000
__Hbank30                       bank30       00000
__Hbank31                       bank31       00000
__Hbank4                        bank4        00000
__Hbank5                        bank5        00000
__Hbank6                        bank6        00000
__Hbank7                        bank7        00000
__Hbank8                        bank8        00000
__Hbank9                        bank9        00000
__Hbigram                       bigram       00000
__HbssBANK0                     bssBANK0     00000
__Hcinit                        cinit        00800
__Hclrtext                      clrtext      00000
__Hcode                         code         00000
__Hcommon                       common       00000
__Hconfig                       config       08009
__HcstackBANK0                  cstackBANK0  00000
__HcstackCOMMON                 cstackCOMMON 00000
__HdataBANK0                    dataBANK0    00000
__Heeprom_data                  eeprom_data  00000
__Hend_init                     end_init     00004
__Hfunctab                      functab      00000
__Hheap                         heap         00000
__HidataBANK0                   idataBANK0   00000
__Hinit                         init         00002
__Hintentry                     intentry     00002
__Hmaintext                     maintext     00000
__Hpowerup                      powerup      00000
__Hram                          ram          00000
__Hreset_vec                    reset_vec    00002
__Hsfr0                         sfr0         00000
__Hsfr1                         sfr1         00000
__Hsfr10                        sfr10        00000
__Hsfr11                        sfr11        00000
__Hsfr12                        sfr12        00000
__Hsfr13                        sfr13        00000
__Hsfr14                        sfr14        00000
__Hsfr15                        sfr15        00000
__Hsfr16                        sfr16        00000
__Hsfr17                        sfr17        00000
__Hsfr18                        sfr18        00000
__Hsfr19                        sfr19        00000
__Hsfr2                         sfr2         00000
__Hsfr20                        sfr20        00000
__Hsfr21                        sfr21        00000
__Hsfr22                        sfr22        00000
__Hsfr23                        sfr23        00000
__Hsfr24                        sfr24        00000
__Hsfr25                        sfr25        00000
__Hsfr26                        sfr26        00000
__Hsfr27                        sfr27        00000
__Hsfr28                        sfr28        00000
__Hsfr29                        sfr29        00000
__Hsfr3                         sfr3         00000
__Hsfr30                        sfr30        00000
__Hsfr31                        sfr31        00000
__Hsfr4                         sfr4         00000
__Hsfr5                         sfr5         00000
__Hsfr6                         sfr6         00000
__Hsfr7                         sfr7         00000
__Hsfr8                         sfr8         00000
__Hsfr9                         sfr9         00000
__Hspace_0                      (abs)        0100E
__Hspace_1                      (abs)        0007E
__Hspace_2                      (abs)        00000
__Hspace_3                      (abs)        00000
__Hspace_4                      (abs)        10010
__Hstack                        stack        00000
__Hstrings                      strings      00000
__Hstringtext1                  stringtext1  00000
__Hstringtext2                  stringtext2  00000
__Htext                         text         00000
__Labs1                         abs1         00000
__Lbank0                        bank0        00000
__Lbank1                        bank1        00000
__Lbank10                       bank10       00000
__Lbank11                       bank11       00000
__Lbank12                       bank12       00000
__Lbank13                       bank13       00000
__Lbank14                       bank14       00000
__Lbank15                       bank15       00000
__Lbank16                       bank16       00000
__Lbank17                       bank17       00000
__Lbank18                       bank18       00000
__Lbank19                       bank19       00000
__Lbank2                        bank2        00000
__Lbank20                       bank20       00000
__Lbank21                       bank21       00000
__Lbank22                       bank22       00000
__Lbank23                       bank23       00000
__Lbank24                       bank24       00000
__Lbank25                       bank25       00000
__Lbank26                       bank26       00000
__Lbank27                       bank27       00000
__Lbank28                       bank28       00000
__Lbank29                       bank29       00000
__Lbank3                        bank3        00000
__Lbank30                       bank30       00000
__Lbank31                       bank31       00000
__Lbank4                        bank4        00000
__Lbank5                        bank5        00000
__Lbank6                        bank6        00000
__Lbank7                        bank7        00000
__Lbank8                        bank8        00000
__Lbank9                        bank9        00000
__Lbigram                       bigram       00000
__LbssBANK0                     bssBANK0     00000
__Lcinit                        cinit        007ED
__Lclrtext                      clrtext      00000
__Lcode                         code         00000
__Lcommon                       common       00000
__Lconfig                       config       00000
__LcstackBANK0                  cstackBANK0  00000
__LcstackCOMMON                 cstackCOMMON 00000
__LdataBANK0                    dataBANK0    00000
__Leeprom_data                  eeprom_data  00000
__Lend_init                     end_init     00002
__Lfunctab                      functab      00000
__Lheap                         heap         00000
__LidataBANK0                   idataBANK0   00000
__Linit                         init         00002
__Lintentry                     intentry     00002
__Lmaintext                     maintext     00000
__Lpowerup                      powerup      00000
__Lram                          ram          00000
__Lreset_vec                    reset_vec    00000
__Lsfr0                         sfr0         00000
__Lsfr1                         sfr1         00000
__Lsfr10                        sfr10        00000
__Lsfr11                        sfr11        00000
__Lsfr12                        sfr12        00000
__Lsfr13                        sfr13        00000
__Lsfr14                        sfr14        00000
__Lsfr15                        sfr15        00000
__Lsfr16                        sfr16        00000
__Lsfr17                        sfr17        00000
__Lsfr18                        sfr18        00000
__Lsfr19                        sfr19        00000
__Lsfr2                         sfr2         00000
__Lsfr20                        sfr20        00000
__Lsfr21                        sfr21        00000
__Lsfr22                        sfr22        00000
__Lsfr23                        sfr23        00000
__Lsfr24                        sfr24        00000
__Lsfr25                        sfr25        00000
__Lsfr26                        sfr26        00000
__Lsfr27                        sfr27        00000
__Lsfr28                        sfr28        00000
__Lsfr29                        sfr29        00000
__Lsfr3                         sfr3         00000
__Lsfr30                        sfr30        00000
__Lsfr31                        sfr31        00000
__Lsfr4                         sfr4         00000
__Lsfr5                         sfr5         00000
__Lsfr6                         sfr6         00000
__Lsfr7                         sfr7         00000
__Lsfr8                         sfr8         00000
__Lsfr9                         sfr9         00000
__Lspace_0                      (abs)        00000
__Lspace_1                      (abs)        00000
__Lspace_2                      (abs)        00000
__Lspace_3                      (abs)        00000
__Lspace_4                      (abs)        00000
__Lstack                        stack        00000
__Lstrings                      strings      00000
__Lstringtext1                  stringtext1  00000
__Lstringtext2                  stringtext2  00000
__Ltext                         text         00000
__S0                            (abs)        0100E
__S1                            (abs)        0007E
__S3                            (abs)        00000
__Umul8_16                      text4        00FDD
__Umul8_16@multiplicand         cstackCOMMON 00070
__Umul8_16@multiplier           cstackCOMMON 00078
__Umul8_16@product              cstackCOMMON 00074
__Umul8_16@word_mpld            cstackCOMMON 00076
___aldiv                        text7        00150
___aldiv@counter                cstackBANK0  00020
___aldiv@dividend               cstackCOMMON 00074
___aldiv@divisor                cstackCOMMON 00070
___aldiv@quotient               cstackBANK0  00022
___aldiv@sign                   cstackBANK0  00021
___almod                        text6        000D4
___almod@counter                cstackCOMMON 0007A
___almod@dividend               cstackBANK0  0002A
___almod@divisor                cstackBANK0  00026
___almod@sign                   cstackCOMMON 0007B
___fldiv                        text5        003E2
___fldiv@a                      cstackBANK0  0003A
___fldiv@aexp                   cstackBANK0  00053
___fldiv@b                      cstackBANK0  0003E
___fldiv@bexp                   cstackBANK0  00052
___fldiv@grs                    cstackBANK0  0004E
___fldiv@new_exp                cstackBANK0  0004C
___fldiv@rem                    cstackBANK0  00047
___fldiv@sign                   cstackBANK0  0004B
___flmul                        text3        00596
___flmul@a                      cstackBANK0  00024
___flmul@aexp                   cstackBANK0  00032
___flmul@b                      cstackBANK0  00020
___flmul@bexp                   cstackBANK0  00033
___flmul@grs                    cstackBANK0  0002E
___flmul@prod                   cstackBANK0  00034
___flmul@sign                   cstackBANK0  0002D
___flmul@temp                   cstackBANK0  00038
___fltol                        text2        0005F
___fltol@exp1                   cstackBANK0  00044
___fltol@f1                     cstackBANK0  0003A
___fltol@sign1                  cstackBANK0  00043
___heap_hi                      (abs)        00000
___heap_lo                      (abs)        00000
___int_sp                       stack        00000
___latbits                      (abs)        00003
___sp                           stack        00000
___stackhi                      (abs)        00000
___stacklo                      (abs)        00000
___xxtofl                       text1        001E0
___xxtofl@arg                   cstackCOMMON 0007A
___xxtofl@exp                   cstackCOMMON 00079
___xxtofl@sign                  cstackCOMMON 00078
___xxtofl@val                   cstackCOMMON 00070
__end_of_ADC_GetConversion      text15       00026
__end_of_ADC_Initialize         text14       00F93
__end_of_OSCILLATOR_Initialize  text13       0000B
__end_of_PIN_MANAGER_Initialize text12       00FBA
__end_of_SYSTEM_Initialize      text10       00FA0
__end_of_Segments_Init          text9        0005F
__end_of_Segments_Set           text8        00FDD
__end_of_WDT_Initialize         text11       00F85
__end_of__Umul8_16              text4        01000
__end_of___aldiv                text7        001E0
__end_of___almod                text6        00150
__end_of___fldiv                text5        00596
__end_of___flmul                text3        007ED
__end_of___fltol                text2        000D4
__end_of___xxtofl               text1        0028C
__end_of__initialization        cinit        007FD
__end_of_digit                  stringtext2  0100E
__end_of_main                   maintext     003E2
__end_of_seg                    stringtext1  0100A
__initialization                cinit        007ED
__pbssBANK0                     bssBANK0     00059
__pcstackBANK0                  cstackBANK0  00020
__pcstackCOMMON                 cstackCOMMON 00070
__pdataBANK0                    dataBANK0    00069
__pidataBANK0                   idataBANK0   00F7F
__pmaintext                     maintext     0028C
__pstringtext1                  stringtext1  01000
__pstringtext2                  stringtext2  0100A
__ptext1                        text1        001E0
__ptext10                       text10       00F93
__ptext11                       text11       00F81
__ptext12                       text12       00FA0
__ptext13                       text13       00004
__ptext14                       text14       00F8B
__ptext15                       text15       0000B
__ptext2                        text2        0005F
__ptext3                        text3        00596
__ptext4                        text4        00FDD
__ptext5                        text5        003E2
__ptext6                        text6        000D4
__ptext7                        text7        00150
__ptext8                        text8        00FBA
__ptext9                        text9        00026
_digit                          stringtext2  0100A
_main                           maintext     0028C
_seg                            stringtext1  01000
btemp                           (abs)        0007E
clear_ram0                      clrtext      00F85
end_of_initialization           cinit        007FD
intlevel0                       functab      00000
intlevel1                       functab      00000
intlevel2                       functab      00000
intlevel3                       functab      00000
intlevel4                       functab      00000
intlevel5                       functab      00000
main@fv                         cstackBANK0  00055
reset_vec                       reset_vec    00000
start                           init         00002
start_initialization            cinit        007ED
wtemp0                          (abs)        0007E


MODULE INFORMATION

Module		Function		Class		Link	Load	Size
C:\Program Files\Microchip\xc8\v2.36\pic\sources\c99\common\sprcmul.c
		___flmul       		CODE           	0596	0000	599

C:\Program Files\Microchip\xc8\v2.36\pic\sources\c99\common\sprcmul.c estimated size: 599

C:\Program Files\Microchip\xc8\v2.36\pic\sources\c99\common\sprcdiv.c
		___fldiv       		CODE           	03E2	0000	436

C:\Program Files\Microchip\xc8\v2.36\pic\sources\c99\common\sprcdiv.c estimated size: 436

C:\Program Files\Microchip\xc8\v2.36\pic\sources\c99\common\almod.c
		___almod       		CODE           	00D4	0000	124

C:\Program Files\Microchip\xc8\v2.36\pic\sources\c99\common\almod.c estimated size: 124

C:\Program Files\Microchip\xc8\v2.36\pic\sources\c99\common\xxtofl.c
		___xxtofl      		CODE           	01E0	0000	172

C:\Program Files\Microchip\xc8\v2.36\pic\sources\c99\common\xxtofl.c estimated size: 172

mcc_generated_files/pin_manager.c
		_PIN_MANAGER_Initialize		CODE           	0FA0	0000	26

mcc_generated_files/pin_manager.c estimated size: 26

C:\Program Files\Microchip\xc8\v2.36\pic\sources\c99\common\Umul8_16.c
		__Umul8_16     		CODE           	0FDD	0000	35

C:\Program Files\Microchip\xc8\v2.36\pic\sources\c99\common\Umul8_16.c estimated size: 35

mcc_generated_files/adc.c
		_ADC_Initialize		CODE           	0F8B	0000	8
		_ADC_GetConversion		CODE           	000B	0000	27

mcc_generated_files/adc.c estimated size: 35

C:\Program Files\Microchip\xc8\v2.36\pic\sources\c99\common\fltol.c
		___fltol       		CODE           	005F	0000	117

C:\Program Files\Microchip\xc8\v2.36\pic\sources\c99\common\fltol.c estimated size: 117

shared
		__initialization		CODE           	07ED	0000	16
		_digit         		STRCODE        	100A	0000	4
		_seg           		STRCODE        	1000	0000	10

shared estimated size: 30

C:\Program Files\Microchip\xc8\v2.36\pic\sources\c99\common\aldiv.c
		___aldiv       		CODE           	0150	0000	144

C:\Program Files\Microchip\xc8\v2.36\pic\sources\c99\common\aldiv.c estimated size: 144

mcc_generated_files/mcc.c
		_WDT_Initialize		CODE           	0F81	0000	4
		_OSCILLATOR_Initialize		CODE           	0004	0000	7
		_SYSTEM_Initialize		CODE           	0F93	0000	13

mcc_generated_files/mcc.c estimated size: 24

main.c
		_Segments_Set  		CODE           	0FBA	0000	35
		_Segments_Init 		CODE           	0026	0000	57
		_main          		CODE           	028C	0000	342

main.c estimated size: 434

