Microchip MPLAB XC8 Compiler V2.36

Linker command line:

-W-3 --edf=C:\Program Files\Microchip\xc8\v2.36\pic\dat\en_msgs.txt -cn \
  -h+dist/default/production\MIRS_step_down_converter.X.production.sym \
  --cmf=dist/default/production\MIRS_step_down_converter.X.production.cmf \
  -z -Q16F1938 -oC:\Users\STK55\AppData\Local\Temp\xcAsjok.4 \
  --defsym=__MPLAB_BUILD=1 \
  -Mdist/default/production/MIRS_step_down_converter.X.production.map \
  --md=C:\Users\STK55\AppData\Local\Temp\xcAsjok.dat -E1 -ver=XC8 Compiler \
  --acfsm=1493 -ACODE=00h-07FFhx8 -ASTRCODE=00h-03FFFh -ASTRING=00h-0FFhx64 \
  -ACONST=00h-0FFhx64 -AENTRY=00h-0FFhx64 -ACOMMON=070h-07Fh \
  -ABANK0=020h-06Fh -ABANK1=0A0h-0EFh -ABANK2=0120h-016Fh \
  -ABANK3=01A0h-01EFh -ABANK4=0220h-026Fh -ABANK5=02A0h-02EFh \
  -ABANK6=0320h-036Fh -ABANK7=03A0h-03EFh -ABANK8=0420h-046Fh \
  -ABANK9=04A0h-04EFh -ABANK10=0520h-056Fh -ABANK11=05A0h-05EFh \
  -ABANK12=0620h-064Fh -ABIGRAM=02000h-023EFh \
  -ARAM=020h-06Fh,0A0h-0EFh,0120h-016Fh,01A0h-01EFh,0220h-026Fh,02A0h-02EFh,0320h-036Fh,03A0h-03EFh,0420h-046Fh,04A0h-04EFh,0520h-056Fh,05A0h-05EFh,0620h-064Fh \
  -AABS1=020h-07Fh,0A0h-0EFh,0120h-016Fh,01A0h-01EFh,0220h-026Fh,02A0h-02EFh,0320h-036Fh,03A0h-03EFh,0420h-046Fh,04A0h-04EFh,0520h-056Fh,05A0h-05EFh,0620h-064Fh \
  -ASFR0=00h-01Fh -ASFR1=080h-09Fh -ASFR2=0100h-011Fh -ASFR3=0180h-019Fh \
  -ASFR4=0200h-021Fh -ASFR5=0280h-029Fh -ASFR6=0300h-031Fh \
  -ASFR7=0380h-039Fh -ASFR8=0400h-041Fh -ASFR9=0480h-049Fh \
  -ASFR10=0500h-051Fh -ASFR11=0580h-059Fh -ASFR12=0600h-061Fh \
  -ASFR13=0680h-06EFh -ASFR14=0700h-076Fh -ASFR15=0780h-07EFh \
  -ASFR16=0800h-086Fh -ASFR17=0880h-08EFh -ASFR18=0900h-096Fh \
  -ASFR19=0980h-09EFh -ASFR20=0A00h-0A6Fh -ASFR21=0A80h-0AEFh \
  -ASFR22=0B00h-0B6Fh -ASFR23=0B80h-0BEFh -ASFR24=0C00h-0C6Fh \
  -ASFR25=0C80h-0CEFh -ASFR26=0D00h-0D6Fh -ASFR27=0D80h-0DEFh \
  -ASFR28=0E00h-0E6Fh -ASFR29=0E80h-0EEFh -ASFR30=0F00h-0F6Fh \
  -ASFR31=0F80h-0FEFh -ACONFIG=08007h-08008h -DCONFIG=2 \
  -AIDLOC=08000h-08003h -DIDLOC=2 -AEEDATA=00h-0FFh/0F000h \
  -peeprom_data=EEDATA -DEEDATA=2 -DCODE=2 -DSTRCODE=2 -DSTRING=2 -DCONST=2 \
  -DENTRY=2 -preset_vec=00h,intentry=04h,init,end_init -ppowerup=CODE \
  -pcinit=CODE -pfunctab=ENTRY -k \
  C:\Users\STK55\AppData\Local\Temp\xcAsjok.o \
  dist/default/production\MIRS_step_down_converter.X.production.o 

Object code version is 3.11

Machine type is 16F1938



                Name                               Link     Load   Length Selector   Space Scale
C:\Users\STK55\AppData\Local\Temp\xcAsjok.o
                end_init                             19       19        2        8       0
                reset_vec                             0        0        2        0       0
                config                             8007     8007        2        0       4
dist/default/production\MIRS_step_down_converter.X.production.o
                cinit                                1B       1B       25        8       0
                intentry                              4        4       15        8       0
                config                             8007     8007        2        0       4
                text29                             1776     1776       8A     2EEC       0
                text28                              DC8      DC8      238     1B90       0
                text27                             1663     1663       20     2CC6       0
                text26                             1683     1683       75     2D06       0
                text25                             1611     1611       1B     2C22       0
                text24                              9A8      9A8      210     1350       0
                text23                              82B      82B       23     1056       0
                text22                              57F      57F      257        8       0
                text21                              84E      84E       AD     109C       0
                text20                                3        3        1        6       0
                text19                               40       40      2E8        8       0
                text18                             15DA     15DA        D     2BB4       0
                text17                             15A5     15A5        6     2B4A       0
                text15                              80A      80A       21     1014       0
                text14                             1647     1647       1C     2C8E       0
                text13                             15BE     15BE        8     2B7C       0
                text12                             15B7     15B7        7     2B6E       0
                text11                             162C     162C       1B     2C58       0
                text10                              801      801        9     1002       0
                text9                              15C6     15C6        8     2B8C       0
                text8                              15AB     15AB        6     2B56       0
                text7                              15E7     15E7       14     2BCE       0
                text6                              15A1     15A1        4     2B42       0
                text5                              15FB     15FB       16     2BF6       0
                text4                               BB8      BB8      210     1770       0
                text3                               7D6      7D6       24        8       0
                text2                               328      328      257        8       0
                text1                               8FB      8FB       AD     11F6       0
                maintext                           16F8     16F8       7E     2DF0       0
                cstackBANK0                          20       20       4D       20       1
                cstackCOMMON                         70       70        D       70       1
                cstackBANK1                          A0       A0       21       A0       1
                cstackBANK2                         120      120       35      120       1
                cstackBANK3                         1A0      1A0        F      1A0       1
                clrtext                            15B1     15B1        6     2B62       0
                inittext                            7FA      7FA        6        8       0
                bssBANK3                            1AF      1AF        4      1A0       1
                bssBANK2                            155      155       18      120       1
                dataBANK1                            D6       D6        C       A0       1
                bssBANK1                             C1       C1       15       A0       1
                nvBANK2                             16D      16D        2      120       1
                stringtext2                        1804     1804        4     3000       0
                stringtext1                        1800     1800        4     3000       0
                idataBANK1                         15CE     15CE        C     2B9C       0

TOTAL           Name                               Link     Load   Length     Space
        CLASS   CODE           
                end_init                             19       19        2         0
                cinit                                1B       1B       25         0
                intentry                              4        4       15         0
                reset_vec                             0        0        2         0
                text29                             1776     1776       8A         0
                text28                              DC8      DC8      238         0
                text27                             1663     1663       20         0
                text26                             1683     1683       75         0
                text25                             1611     1611       1B         0
                text24                              9A8      9A8      210         0
                text23                              82B      82B       23         0
                text22                              57F      57F      257         0
                text21                              84E      84E       AD         0
                text20                                3        3        1         0
                text19                               40       40      2E8         0
                text18                             15DA     15DA        D         0
                text17                             15A5     15A5        6         0
                text15                              80A      80A       21         0
                text14                             1647     1647       1C         0
                text13                             15BE     15BE        8         0
                text12                             15B7     15B7        7         0
                text11                             162C     162C       1B         0
                text10                              801      801        9         0
                text9                              15C6     15C6        8         0
                text8                              15AB     15AB        6         0
                text7                              15E7     15E7       14         0
                text6                              15A1     15A1        4         0
                text5                              15FB     15FB       16         0
                text4                               BB8      BB8      210         0
                text3                               7D6      7D6       24         0
                text2                               328      328      257         0
                text1                               8FB      8FB       AD         0
                maintext                           16F8     16F8       7E         0
                clrtext                            15B1     15B1        6         0
                inittext                            7FA      7FA        6         0
                idataBANK1                         15CE     15CE        C         0

        CLASS   STRCODE        
                stringtext2                        1804     1804        4         0
                stringtext1                        1800     1800        4         0

        CLASS   STRING         

        CLASS   CONST          

        CLASS   ENTRY          

        CLASS   COMMON         
                cstackCOMMON                         70       70        D         1

        CLASS   BANK0          
                cstackBANK0                          20       20       4D         1

        CLASS   BANK1          
                cstackBANK1                          A0       A0       21         1
                dataBANK1                            D6       D6        C         1
                bssBANK1                             C1       C1       15         1

        CLASS   BANK2          
                cstackBANK2                         120      120       35         1
                bssBANK2                            155      155       18         1
                nvBANK2                             16D      16D        2         1

        CLASS   BANK3          
                cstackBANK3                         1A0      1A0        F         1
                bssBANK3                            1AF      1AF        4         1

        CLASS   BANK4          

        CLASS   BANK5          

        CLASS   BANK6          

        CLASS   BANK7          

        CLASS   BANK8          

        CLASS   BANK9          

        CLASS   BANK10         

        CLASS   BANK11         

        CLASS   BANK12         

        CLASS   BIGRAM         

        CLASS   RAM            

        CLASS   ABS1           
                abs_s1                               7E       7E        2         1

        CLASS   SFR0           

        CLASS   SFR1           

        CLASS   SFR2           

        CLASS   SFR3           

        CLASS   SFR4           

        CLASS   SFR5           

        CLASS   SFR6           

        CLASS   SFR7           

        CLASS   SFR8           

        CLASS   SFR9           

        CLASS   SFR10          

        CLASS   SFR11          

        CLASS   SFR12          

        CLASS   SFR13          

        CLASS   SFR14          

        CLASS   SFR15          

        CLASS   SFR16          

        CLASS   SFR17          

        CLASS   SFR18          

        CLASS   SFR19          

        CLASS   SFR20          

        CLASS   SFR21          

        CLASS   SFR22          

        CLASS   SFR23          

        CLASS   SFR24          

        CLASS   SFR25          

        CLASS   SFR26          

        CLASS   SFR27          

        CLASS   SFR28          

        CLASS   SFR29          

        CLASS   SFR30          

        CLASS   SFR31          

        CLASS   CONFIG         
                config                             8007     8007        2         4

        CLASS   IDLOC          

        CLASS   EEDATA         

        CLASS   BANK31         

        CLASS   BANK30         

        CLASS   BANK29         

        CLASS   BANK28         

        CLASS   BANK27         

        CLASS   BANK26         

        CLASS   BANK25         

        CLASS   BANK24         

        CLASS   BANK23         

        CLASS   BANK22         

        CLASS   BANK21         

        CLASS   BANK20         

        CLASS   BANK19         

        CLASS   BANK18         

        CLASS   BANK17         

        CLASS   BANK16         

        CLASS   BANK15         

        CLASS   BANK14         

        CLASS   BANK13         

        CLASS   HEAP           

        CLASS   STACK          



SEGMENTS        Name                           Load    Length   Top    Selector   Space  Class     Delta

                reset_vec                      000000  000002  000002         0       0  CODE        2
                text20                         000003  000001  000004         6       0  CODE        2
                intentry                       000004  0007FC  000800         8       0  CODE        2
                cstackBANK0                    000020  00004D  00006D        20       1  BANK0       1
                cstackCOMMON                   000070  00000D  00007D        70       1  COMMON      1
                cstackBANK1                    0000A0  000042  0000E2        A0       1  BANK1       1
                cstackBANK2                    000120  00004F  00016F       120       1  BANK2       1
                cstackBANK3                    0001A0  000013  0001B3       1A0       1  BANK3       1
                text10                         000801  000009  00080A      1002       0  CODE        2
                text15                         00080A  000021  00082B      1014       0  CODE        2
                text23                         00082B  000023  00084E      1056       0  CODE        2
                text21                         00084E  0000AD  0008FB      109C       0  CODE        2
                text1                          0008FB  0000AD  0009A8      11F6       0  CODE        2
                text24                         0009A8  000210  000BB8      1350       0  CODE        2
                text4                          000BB8  000210  000DC8      1770       0  CODE        2
                text28                         000DC8  000238  001000      1B90       0  CODE        2
                text6                          0015A1  000004  0015A5      2B42       0  CODE        2
                text17                         0015A5  000006  0015AB      2B4A       0  CODE        2
                text8                          0015AB  000006  0015B1      2B56       0  CODE        2
                clrtext                        0015B1  000006  0015B7      2B62       0  CODE        2
                text12                         0015B7  000007  0015BE      2B6E       0  CODE        2
                text13                         0015BE  000008  0015C6      2B7C       0  CODE        2
                text9                          0015C6  000008  0015CE      2B8C       0  CODE        2
                idataBANK1                     0015CE  00000C  0015DA      2B9C       0  CODE        2
                text18                         0015DA  00000D  0015E7      2BB4       0  CODE        2
                text7                          0015E7  000014  0015FB      2BCE       0  CODE        2
                text5                          0015FB  000016  001611      2BF6       0  CODE        2
                text25                         001611  00001B  00162C      2C22       0  CODE        2
                text11                         00162C  00001B  001647      2C58       0  CODE        2
                text14                         001647  00001C  001663      2C8E       0  CODE        2
                text27                         001663  000020  001683      2CC6       0  CODE        2
                text26                         001683  000075  0016F8      2D06       0  CODE        2
                maintext                       0016F8  00007E  001776      2DF0       0  CODE        2
                text29                         001776  00008A  001800      2EEC       0  CODE        2
                stringtext1                    001800  000008  001808      3000       0  STRCODE     2


UNUSED ADDRESS RANGES

        Name                Unused          Largest block    Delta
        BANK0            0006D-0006F               3           1
        BANK1            000E2-000EF               E           1
        BANK10           00520-0056F              50           1
        BANK11           005A0-005EF              50           1
        BANK12           00620-0064F              30           1
        BANK2            0016F-0016F               1           1
        BANK3            001B3-001EF              3D           1
        BANK4            00220-0026F              50           1
        BANK5            002A0-002EF              50           1
        BANK6            00320-0036F              50           1
        BANK7            003A0-003EF              50           1
        BANK8            00420-0046F              50           1
        BANK9            004A0-004EF              50           1
        BIGRAM           02000-023EF             3F0           1
        CODE             00002-00002               1           2
                         00800-00800               1
                         01000-015A0             5A1
                         01808-03FFF             800
        COMMON           0007D-0007D               1           1
        CONST            00002-00002               1           2
                         00800-00800               1
                         01000-015A0             100
                         01808-03FFF             100
        EEDATA           0F000-0F0FF             100           2
        ENTRY            00002-00002               1           2
                         00800-00800               1
                         01000-015A0             100
                         01808-03FFF             100
        IDLOC            08000-08003               4           2
        RAM              0006D-0006F               3           1
                         000E2-000EF               E
                         0016F-0016F               1
                         001B3-001EF              3D
                         00220-0026F              50
                         002A0-002EF              50
                         00320-0036F              50
                         003A0-003EF              50
                         00420-0046F              50
                         004A0-004EF              50
                         00520-0056F              50
                         005A0-005EF              50
                         00620-0064F              30
        SFR0             00000-0001F              20           1
        SFR1             00080-0009F              20           1
        SFR10            00500-0051F              20           1
        SFR11            00580-0059F              20           1
        SFR12            00600-0061F              20           1
        SFR13            00680-006EF              70           1
        SFR14            00700-0076F              70           1
        SFR15            00780-007EF              70           1
        SFR16            00800-0086F              70           1
        SFR17            00880-008EF              70           1
        SFR18            00900-0096F              70           1
        SFR19            00980-009EF              70           1
        SFR2             00100-0011F              20           1
        SFR20            00A00-00A6F              70           1
        SFR21            00A80-00AEF              70           1
        SFR22            00B00-00B6F              70           1
        SFR23            00B80-00BEF              70           1
        SFR24            00C00-00C6F              70           1
        SFR25            00C80-00CEF              70           1
        SFR26            00D00-00D6F              70           1
        SFR27            00D80-00DEF              70           1
        SFR28            00E00-00E6F              70           1
        SFR29            00E80-00EEF              70           1
        SFR3             00180-0019F              20           1
        SFR30            00F00-00F6F              70           1
        SFR31            00F80-00FEF              70           1
        SFR4             00200-0021F              20           1
        SFR5             00280-0029F              20           1
        SFR6             00300-0031F              20           1
        SFR7             00380-0039F              20           1
        SFR8             00400-0041F              20           1
        SFR9             00480-0049F              20           1
        STRCODE          00002-00002               1           2
                         00800-00800               1
                         01000-015A0             5A1
                         01808-03FFF            27F8
        STRING           00002-00002               1           2
                         00800-00800               1
                         01000-015A0             100
                         01808-03FFF             100

                                  Symbol Table

?_ADC_GetConversion                       cstackBANK2  00120
?__Umul8_16                               cstackBANK2  00120
?___fladd                                 cstackBANK0  00044
?___fldiv                                 cstackBANK2  00148
?___flmul                                 cstackBANK2  0012E
?___flsub                                 cstackBANK0  00058
?___fltol                                 cstackBANK0  00044
?___xxtofl                                cstackBANK2  00120
?i1_ADC_GetConversion                     cstackCOMMON 00070
?i1__Umul8_16                             cstackCOMMON 00070
?i1___fldiv                               cstackBANK0  00060
?i1___flmul                               cstackBANK0  0002A
?i1___xxtofl                              cstackCOMMON 00079
ADC_GetConversion@channel                 cstackBANK2  00123
PWM4_LoadDutyValue@dutyValue              cstackBANK2  00120
TMR6_SetInterruptHandler@InterruptHandler cstackBANK2  00120
_ADCON0                                   (abs)        0009D
_ADCON0bits                               (abs)        0009D
_ADCON1                                   (abs)        0009E
_ADC_GetConversion                        text15       0080A
_ADC_Initialize                           text13       015BE
_ADRESH                                   (abs)        0009C
_ADRESL                                   (abs)        0009B
_ANSELA                                   (abs)        0018C
_ANSELB                                   (abs)        0018D
_APFCON                                   (abs)        0011D
_BATTVD_voltage                           bssBANK3     001AF
_BATTVD_voltage_adc                       bssBANK1     000C9
_BORCON                                   (abs)        00116
_CCP4CON                                  (abs)        0031A
_CCPR4H                                   (abs)        00319
_CCPR4L                                   (abs)        00318
_CCPTMRS0bits                             (abs)        0029E
_CNV_state                                bssBANK1     000D5
_D_chop                                   bssBANK2     00165
_INTCONbits                               (abs)        0000B
_INTERRUPT_InterruptManager               intentry     00004
_ISR_SetCNVPWM                            text19       00040
_ISR_SetCNVPWM$1237                       cstackBANK1  000B1
_ISR_SetCNVPWM$1238                       cstackBANK1  000B5
_ISR_SetCNVPWM$1240                       cstackBANK1  000B9
_ISR_SetCNVPWM$1321                       cstackBANK1  000BD
_I_chop                                   dataBANK1    000D6
_LATA                                     (abs)        0010C
_LATB                                     (abs)        0010D
_LATC                                     (abs)        0010E
_LATE                                     (abs)        00110
_OPTION_REGbits                           (abs)        00095
_OSCCON                                   (abs)        00099
_OSCILLATOR_Initialize                    text12       015B7
_OSCTUNE                                  (abs)        00098
_OVD_voltage                              bssBANK1     000C5
_OVD_voltage_adc                          bssBANK1     000D1
_OVD_voltage_sb                           bssBANK2     00169
_OVD_voltage_tgt                          dataBANK1    000DE
_PIE3bits                                 (abs)        00093
_PIN_MANAGER_Initialize                   text11       0162C
_PIR1bits                                 (abs)        00011
_PIR3bits                                 (abs)        00013
_PR2                                      (abs)        0001B
_PR6                                      (abs)        0041D
_PWM4_Initialize                          text10       00801
_PWM4_LoadDutyValue                       text14       01647
_P_chop                                   dataBANK1    000DA
_SYSTEM_Initialize                        text5        015FB
_T2CON                                    (abs)        0001C
_T2CONbits                                (abs)        0001C
_T6CON                                    (abs)        0041E
_T6CONbits                                (abs)        0041E
_TMR2                                     (abs)        0001A
_TMR2_Initialize                          text9        015C6
_TMR6                                     (abs)        0041C
_TMR6_CallBack                            text18       015DA
_TMR6_DefaultInterruptHandler             text20       00003
_TMR6_ISR                                 text17       015A5
_TMR6_Initialize                          text7        015E7
_TMR6_InterruptHandler                    nvBANK2      0016D
_TMR6_SetInterruptHandler                 text8        015AB
_TRISA                                    (abs)        0008C
_TRISB                                    (abs)        0008D
_TRISC                                    (abs)        0008E
_TRISE                                    (abs)        00090
_WDTCON                                   (abs)        00097
_WDT_Initialize                           text6        015A1
_WPUB                                     (abs)        0020D
_WPUE                                     (abs)        00210
__Habs1                                   abs1         00000
__Hbank0                                  bank0        00000
__Hbank1                                  bank1        00000
__Hbank10                                 bank10       00000
__Hbank11                                 bank11       00000
__Hbank12                                 bank12       00000
__Hbank13                                 bank13       00000
__Hbank14                                 bank14       00000
__Hbank15                                 bank15       00000
__Hbank16                                 bank16       00000
__Hbank17                                 bank17       00000
__Hbank18                                 bank18       00000
__Hbank19                                 bank19       00000
__Hbank2                                  bank2        00000
__Hbank20                                 bank20       00000
__Hbank21                                 bank21       00000
__Hbank22                                 bank22       00000
__Hbank23                                 bank23       00000
__Hbank24                                 bank24       00000
__Hbank25                                 bank25       00000
__Hbank26                                 bank26       00000
__Hbank27                                 bank27       00000
__Hbank28                                 bank28       00000
__Hbank29                                 bank29       00000
__Hbank3                                  bank3        00000
__Hbank30                                 bank30       00000
__Hbank31                                 bank31       00000
__Hbank4                                  bank4        00000
__Hbank5                                  bank5        00000
__Hbank6                                  bank6        00000
__Hbank7                                  bank7        00000
__Hbank8                                  bank8        00000
__Hbank9                                  bank9        00000
__Hbigram                                 bigram       00000
__HbssBANK1                               bssBANK1     00000
__HbssBANK2                               bssBANK2     00000
__HbssBANK3                               bssBANK3     00000
__Hcinit                                  cinit        00040
__Hclrtext                                clrtext      00000
__Hcode                                   code         00000
__Hcommon                                 common       00000
__Hconfig                                 config       08009
__HcstackBANK0                            cstackBANK0  00000
__HcstackBANK1                            cstackBANK1  00000
__HcstackBANK2                            cstackBANK2  00000
__HcstackBANK3                            cstackBANK3  00000
__HcstackCOMMON                           cstackCOMMON 00000
__HdataBANK1                              dataBANK1    00000
__Heeprom_data                            eeprom_data  00000
__Hend_init                               end_init     0001B
__Hfunctab                                functab      00000
__Hheap                                   heap         00000
__HidataBANK1                             idataBANK1   00000
__Hinit                                   init         00019
__Hinittext                               inittext     00000
__Hintentry                               intentry     00019
__Hmaintext                               maintext     00000
__HnvBANK2                                nvBANK2      00000
__Hpowerup                                powerup      00000
__Hram                                    ram          00000
__Hreset_vec                              reset_vec    00002
__Hsfr0                                   sfr0         00000
__Hsfr1                                   sfr1         00000
__Hsfr10                                  sfr10        00000
__Hsfr11                                  sfr11        00000
__Hsfr12                                  sfr12        00000
__Hsfr13                                  sfr13        00000
__Hsfr14                                  sfr14        00000
__Hsfr15                                  sfr15        00000
__Hsfr16                                  sfr16        00000
__Hsfr17                                  sfr17        00000
__Hsfr18                                  sfr18        00000
__Hsfr19                                  sfr19        00000
__Hsfr2                                   sfr2         00000
__Hsfr20                                  sfr20        00000
__Hsfr21                                  sfr21        00000
__Hsfr22                                  sfr22        00000
__Hsfr23                                  sfr23        00000
__Hsfr24                                  sfr24        00000
__Hsfr25                                  sfr25        00000
__Hsfr26                                  sfr26        00000
__Hsfr27                                  sfr27        00000
__Hsfr28                                  sfr28        00000
__Hsfr29                                  sfr29        00000
__Hsfr3                                   sfr3         00000
__Hsfr30                                  sfr30        00000
__Hsfr31                                  sfr31        00000
__Hsfr4                                   sfr4         00000
__Hsfr5                                   sfr5         00000
__Hsfr6                                   sfr6         00000
__Hsfr7                                   sfr7         00000
__Hsfr8                                   sfr8         00000
__Hsfr9                                   sfr9         00000
__Hspace_0                                (abs)        01808
__Hspace_1                                (abs)        001B3
__Hspace_2                                (abs)        00000
__Hspace_3                                (abs)        00000
__Hspace_4                                (abs)        10010
__Hstack                                  stack        00000
__Hstrings                                strings      00000
__Hstringtext1                            stringtext1  00000
__Hstringtext2                            stringtext2  00000
__Htext                                   text         00000
__Labs1                                   abs1         00000
__Lbank0                                  bank0        00000
__Lbank1                                  bank1        00000
__Lbank10                                 bank10       00000
__Lbank11                                 bank11       00000
__Lbank12                                 bank12       00000
__Lbank13                                 bank13       00000
__Lbank14                                 bank14       00000
__Lbank15                                 bank15       00000
__Lbank16                                 bank16       00000
__Lbank17                                 bank17       00000
__Lbank18                                 bank18       00000
__Lbank19                                 bank19       00000
__Lbank2                                  bank2        00000
__Lbank20                                 bank20       00000
__Lbank21                                 bank21       00000
__Lbank22                                 bank22       00000
__Lbank23                                 bank23       00000
__Lbank24                                 bank24       00000
__Lbank25                                 bank25       00000
__Lbank26                                 bank26       00000
__Lbank27                                 bank27       00000
__Lbank28                                 bank28       00000
__Lbank29                                 bank29       00000
__Lbank3                                  bank3        00000
__Lbank30                                 bank30       00000
__Lbank31                                 bank31       00000
__Lbank4                                  bank4        00000
__Lbank5                                  bank5        00000
__Lbank6                                  bank6        00000
__Lbank7                                  bank7        00000
__Lbank8                                  bank8        00000
__Lbank9                                  bank9        00000
__Lbigram                                 bigram       00000
__LbssBANK1                               bssBANK1     00000
__LbssBANK2                               bssBANK2     00000
__LbssBANK3                               bssBANK3     00000
__Lcinit                                  cinit        0001B
__Lclrtext                                clrtext      00000
__Lcode                                   code         00000
__Lcommon                                 common       00000
__Lconfig                                 config       00000
__LcstackBANK0                            cstackBANK0  00000
__LcstackBANK1                            cstackBANK1  00000
__LcstackBANK2                            cstackBANK2  00000
__LcstackBANK3                            cstackBANK3  00000
__LcstackCOMMON                           cstackCOMMON 00000
__LdataBANK1                              dataBANK1    00000
__Leeprom_data                            eeprom_data  00000
__Lend_init                               end_init     00019
__Lfunctab                                functab      00000
__Lheap                                   heap         00000
__LidataBANK1                             idataBANK1   00000
__Linit                                   init         00019
__Linittext                               inittext     00000
__Lintentry                               intentry     00004
__Lmaintext                               maintext     00000
__LnvBANK2                                nvBANK2      00000
__Lpowerup                                powerup      00000
__Lram                                    ram          00000
__Lreset_vec                              reset_vec    00000
__Lsfr0                                   sfr0         00000
__Lsfr1                                   sfr1         00000
__Lsfr10                                  sfr10        00000
__Lsfr11                                  sfr11        00000
__Lsfr12                                  sfr12        00000
__Lsfr13                                  sfr13        00000
__Lsfr14                                  sfr14        00000
__Lsfr15                                  sfr15        00000
__Lsfr16                                  sfr16        00000
__Lsfr17                                  sfr17        00000
__Lsfr18                                  sfr18        00000
__Lsfr19                                  sfr19        00000
__Lsfr2                                   sfr2         00000
__Lsfr20                                  sfr20        00000
__Lsfr21                                  sfr21        00000
__Lsfr22                                  sfr22        00000
__Lsfr23                                  sfr23        00000
__Lsfr24                                  sfr24        00000
__Lsfr25                                  sfr25        00000
__Lsfr26                                  sfr26        00000
__Lsfr27                                  sfr27        00000
__Lsfr28                                  sfr28        00000
__Lsfr29                                  sfr29        00000
__Lsfr3                                   sfr3         00000
__Lsfr30                                  sfr30        00000
__Lsfr31                                  sfr31        00000
__Lsfr4                                   sfr4         00000
__Lsfr5                                   sfr5         00000
__Lsfr6                                   sfr6         00000
__Lsfr7                                   sfr7         00000
__Lsfr8                                   sfr8         00000
__Lsfr9                                   sfr9         00000
__Lspace_0                                (abs)        00000
__Lspace_1                                (abs)        00000
__Lspace_2                                (abs)        00000
__Lspace_3                                (abs)        00000
__Lspace_4                                (abs)        00000
__Lstack                                  stack        00000
__Lstrings                                strings      00000
__Lstringtext1                            stringtext1  00000
__Lstringtext2                            stringtext2  00000
__Ltext                                   text         00000
__S0                                      (abs)        01808
__S1                                      (abs)        001B3
__S3                                      (abs)        00000
__Umul8_16                                text3        007D6
__Umul8_16@multiplicand                   cstackBANK2  00120
__Umul8_16@multiplier                     cstackBANK2  00128
__Umul8_16@product                        cstackBANK2  00124
__Umul8_16@word_mpld                      cstackBANK2  00126
___fladd                                  text28       00DC8
___fladd@a                                cstackBANK0  00048
___fladd@aexp                             cstackBANK0  00055
___fladd@b                                cstackBANK0  00044
___fladd@bexp                             cstackBANK0  00056
___fladd@grs                              cstackBANK0  00057
___fladd@signs                            cstackBANK0  00054
___fldiv                                  text4        00BB8
___fldiv@a                                cstackBANK2  00148
___fldiv@aexp                             cstackBANK3  001AC
___fldiv@b                                cstackBANK2  0014C
___fldiv@bexp                             cstackBANK3  001AB
___fldiv@grs                              cstackBANK3  001A7
___fldiv@new_exp                          cstackBANK3  001A5
___fldiv@rem                              cstackBANK3  001A0
___fldiv@sign                             cstackBANK3  001A4
___flge                                   text29       01776
___flge@ff1                               cstackCOMMON 00070
___flge@ff2                               cstackCOMMON 00074
___flmul                                  text2        00328
___flmul@a                                cstackBANK2  00132
___flmul@aexp                             cstackBANK2  0013C
___flmul@b                                cstackBANK2  0012E
___flmul@bexp                             cstackBANK2  00141
___flmul@grs                              cstackBANK2  0013D
___flmul@prod                             cstackBANK2  00142
___flmul@sign                             cstackBANK2  0013B
___flmul@temp                             cstackBANK2  00146
___flsub                                  text27       01663
___flsub@a                                cstackBANK0  00058
___flsub@b                                cstackBANK0  0005C
___fltol                                  text26       01683
___fltol@exp1                             cstackBANK0  0004E
___fltol@f1                               cstackBANK0  00044
___fltol@sign1                            cstackBANK0  0004D
___heap_hi                                (abs)        00000
___heap_lo                                (abs)        00000
___int_sp                                 stack        00000
___latbits                                (abs)        00003
___sp                                     stack        00000
___stackhi                                (abs)        00000
___stacklo                                (abs)        00000
___xxtofl                                 text1        008FB
___xxtofl@arg                             cstackBANK2  0012A
___xxtofl@exp                             cstackBANK2  00129
___xxtofl@sign                            cstackBANK2  00128
___xxtofl@val                             cstackBANK2  00120
__end_of_ADC_GetConversion                text15       0082B
__end_of_ADC_Initialize                   text13       015C6
__end_of_CUTOFF_BATT_VOLTAGE              stringtext1  01804
__end_of_INTERRUPT_InterruptManager       intentry     00019
__end_of_ISR_SetCNVPWM                    text19       00328
__end_of_OSCILLATOR_Initialize            text12       015BE
__end_of_PIN_MANAGER_Initialize           text11       01647
__end_of_PWM4_Initialize                  text10       0080A
__end_of_PWM4_LoadDutyValue               text14       01663
__end_of_SYSTEM_Initialize                text5        01611
__end_of_TMR2_Initialize                  text9        015CE
__end_of_TMR6_CallBack                    text18       015E7
__end_of_TMR6_DefaultInterruptHandler     text20       00004
__end_of_TMR6_ISR                         text17       015AB
__end_of_TMR6_Initialize                  text7        015FB
__end_of_TMR6_SetInterruptHandler         text8        015B1
__end_of_WDT_Initialize                   text6        015A5
__end_of__Umul8_16                        text3        007FA
__end_of___fladd                          text28       01000
__end_of___fldiv                          text4        00DC8
__end_of___flge                           text29       01800
__end_of___flmul                          text2        0057F
__end_of___flsub                          text27       01683
__end_of___fltol                          text26       016F8
__end_of___xxtofl                         text1        009A8
__end_of__initialization                  cinit        0003C
__end_of_correction_value                 stringtext2  01808
__end_of_main                             maintext     01776
__end_ofi1_ADC_GetConversion              text25       0162C
__end_ofi1__Umul8_16                      text23       0084E
__end_ofi1___fldiv                        text24       00BB8
__end_ofi1___flmul                        text22       007D6
__end_ofi1___xxtofl                       text21       008FB
__initialization                          cinit        0001B
__pbssBANK1                               bssBANK1     000C1
__pbssBANK2                               bssBANK2     00155
__pbssBANK3                               bssBANK3     001AF
__pcstackBANK0                            cstackBANK0  00020
__pcstackBANK1                            cstackBANK1  000A0
__pcstackBANK2                            cstackBANK2  00120
__pcstackBANK3                            cstackBANK3  001A0
__pcstackCOMMON                           cstackCOMMON 00070
__pdataBANK1                              dataBANK1    000D6
__pidataBANK1                             idataBANK1   015CE
__pintentry                               intentry     00004
__pmaintext                               maintext     016F8
__pnvBANK2                                nvBANK2      0016D
__pstringtext1                            stringtext1  01800
__pstringtext2                            stringtext2  01804
__ptext1                                  text1        008FB
__ptext10                                 text10       00801
__ptext11                                 text11       0162C
__ptext12                                 text12       015B7
__ptext13                                 text13       015BE
__ptext14                                 text14       01647
__ptext15                                 text15       0080A
__ptext17                                 text17       015A5
__ptext18                                 text18       015DA
__ptext19                                 text19       00040
__ptext2                                  text2        00328
__ptext20                                 text20       00003
__ptext21                                 text21       0084E
__ptext22                                 text22       0057F
__ptext23                                 text23       0082B
__ptext24                                 text24       009A8
__ptext25                                 text25       01611
__ptext26                                 text26       01683
__ptext27                                 text27       01663
__ptext28                                 text28       00DC8
__ptext29                                 text29       01776
__ptext3                                  text3        007D6
__ptext4                                  text4        00BB8
__ptext5                                  text5        015FB
__ptext6                                  text6        015A1
__ptext7                                  text7        015E7
__ptext8                                  text8        015AB
__ptext9                                  text9        015C6
_err_vol                                  bssBANK1     000C1
_err_vol_differential                     bssBANK2     00155
_err_vol_integral                         bssBANK2     00159
_err_vol_propotional                      bssBANK2     0015D
_err_vol_sb                               bssBANK2     00161
_main                                     maintext     016F8
_switch_duty                              bssBANK1     000CB
btemp                                     (abs)        0007E
clear_ram0                                clrtext      015B1
end_of_initialization                     cinit        0003C
i1ADC_GetConversion@channel               cstackCOMMON 00073
i1_ADC_GetConversion                      text25       01611
i1__Umul8_16                              text23       0082B
i1__Umul8_16@multiplicand                 cstackCOMMON 00070
i1__Umul8_16@multiplier                   cstackCOMMON 00078
i1__Umul8_16@product                      cstackCOMMON 00074
i1__Umul8_16@word_mpld                    cstackCOMMON 00076
i1___fldiv                                text24       009A8
i1___fldiv@a                              cstackBANK0  00060
i1___fldiv@aexp                           cstackBANK1  000AC
i1___fldiv@b                              cstackBANK0  00064
i1___fldiv@bexp                           cstackBANK1  000AB
i1___fldiv@grs                            cstackBANK1  000A7
i1___fldiv@new_exp                        cstackBANK1  000A5
i1___fldiv@rem                            cstackBANK1  000A0
i1___fldiv@sign                           cstackBANK1  000A4
i1___flmul                                text22       0057F
i1___flmul@a                              cstackBANK0  0002E
i1___flmul@aexp                           cstackBANK0  0003C
i1___flmul@b                              cstackBANK0  0002A
i1___flmul@bexp                           cstackBANK0  0003D
i1___flmul@grs                            cstackBANK0  00038
i1___flmul@prod                           cstackBANK0  0003E
i1___flmul@sign                           cstackBANK0  00037
i1___flmul@temp                           cstackBANK0  00042
i1___xxtofl                               text21       0084E
i1___xxtofl@arg                           cstackBANK0  00026
i1___xxtofl@exp                           cstackBANK0  00025
i1___xxtofl@sign                          cstackBANK0  00024
i1___xxtofl@val                           cstackCOMMON 00079
init_ram                                  inittext     007FA
int$flags                                 (abs)        0007E
intlevel0                                 functab      00000
intlevel1                                 functab      00000
intlevel2                                 functab      00000
intlevel3                                 functab      00000
intlevel4                                 functab      00000
intlevel5                                 functab      00000
reset_vec                                 reset_vec    00000
start                                     init         00019
start_initialization                      cinit        0001B
wtemp0                                    (abs)        0007E


MODULE INFORMATION

Module		Function		Class		Link	Load	Size
mcc_generated_files/tmr6.c
		_TMR6_CallBack 		CODE           	15DA	0000	13
		_TMR6_ISR      		CODE           	15A5	0000	6
		_TMR6_Initialize		CODE           	15E7	0000	20
		_TMR6_SetInterruptHandler		CODE           	15AB	0000	6
		_TMR6_DefaultInterruptHandler		CODE           	0003	0000	1

mcc_generated_files/tmr6.c estimated size: 46

C:\Program Files\Microchip\xc8\v2.36\pic\sources\c99\common\sprcmul.c
		___flmul       		CODE           	0328	0000	599

C:\Program Files\Microchip\xc8\v2.36\pic\sources\c99\common\sprcmul.c estimated size: 599

mcc_generated_files/pwm4.c
		_PWM4_Initialize		CODE           	0801	0000	9
		_PWM4_LoadDutyValue		CODE           	1647	0000	28

mcc_generated_files/pwm4.c estimated size: 37

C:\Program Files\Microchip\xc8\v2.36\pic\sources\c99\common\sprcdiv.c
		___fldiv       		CODE           	0BB8	0000	528

C:\Program Files\Microchip\xc8\v2.36\pic\sources\c99\common\sprcdiv.c estimated size: 528

mcc_generated_files/tmr2.c
		_TMR2_Initialize		CODE           	15C6	0000	8

mcc_generated_files/tmr2.c estimated size: 8

mcc_generated_files/interrupt_manager.c
		_INTERRUPT_InterruptManager		CODE           	0004	0000	21

mcc_generated_files/interrupt_manager.c estimated size: 21

C:\Program Files\Microchip\xc8\v2.36\pic\sources\c99\common\xxtofl.c
		___xxtofl      		CODE           	08FB	0000	173

C:\Program Files\Microchip\xc8\v2.36\pic\sources\c99\common\xxtofl.c estimated size: 173

mcc_generated_files/pin_manager.c
		_PIN_MANAGER_Initialize		CODE           	162C	0000	27

mcc_generated_files/pin_manager.c estimated size: 27

C:\Program Files\Microchip\xc8\v2.36\pic\sources\c99\common\Umul8_16.c
		__Umul8_16     		CODE           	07D6	0000	36

C:\Program Files\Microchip\xc8\v2.36\pic\sources\c99\common\Umul8_16.c estimated size: 36

mcc_generated_files/adc.c
		_ADC_Initialize		CODE           	15BE	0000	8
		_ADC_GetConversion		CODE           	080A	0000	33

mcc_generated_files/adc.c estimated size: 41

C:\Program Files\Microchip\xc8\v2.36\pic\sources\c99\common\sprcadd.c
		___flsub       		CODE           	1663	0000	32
		___fladd       		CODE           	0DC8	0000	568

C:\Program Files\Microchip\xc8\v2.36\pic\sources\c99\common\sprcadd.c estimated size: 600

C:\Program Files\Microchip\xc8\v2.36\pic\sources\c99\common\fltol.c
		___fltol       		CODE           	1683	0000	117

C:\Program Files\Microchip\xc8\v2.36\pic\sources\c99\common\fltol.c estimated size: 117

shared
		i1__Umul8_16   		CODE           	082B	0000	35
		i1___fldiv     		CODE           	09A8	0000	528
		__initialization		CODE           	001B	0000	33
		_CUTOFF_BATT_VOLTAGE		STRCODE        	0000	0000	0
		_correction_value		STRCODE        	0000	0000	0
		i1___flmul     		CODE           	057F	0000	599
		i1___xxtofl    		CODE           	084E	0000	173
		i1_ADC_GetConversion		CODE           	1611	0000	27

shared estimated size: 1395

mcc_generated_files/mcc.c
		_WDT_Initialize		CODE           	15A1	0000	4
		_OSCILLATOR_Initialize		CODE           	15B7	0000	7
		_SYSTEM_Initialize		CODE           	15FB	0000	22

mcc_generated_files/mcc.c estimated size: 33

C:\Program Files\Microchip\xc8\v2.36\pic\sources\c99\common\flge.c
		___flge        		CODE           	1776	0000	138

C:\Program Files\Microchip\xc8\v2.36\pic\sources\c99\common\flge.c estimated size: 138

main.c
		_ISR_SetCNVPWM 		CODE           	0040	0000	744
		_main          		CODE           	16F8	0000	126

main.c estimated size: 870

